// Jest Snapshot v1, https://goo.gl/fbAQLP

exports[`pages/about/AboutPage render normally 1`] = `
<PageWrapper
  className="about-page"
  title="AboutPage.title"
>
  <div
    className="app-aboutPage"
  >
    <h1>
      AboutPageContent.defaultHeader
    </h1>
    <p>
      <FormattedHTMLMessage
        id="AboutPageContent.tampereText"
        values={Object {}}
      />
    </p>
    <p>
      <FeedbackLink>
        AboutPageContent.feedbackLink
      </FeedbackLink>
    </p>
    <h2>
      AboutPageContent.customerRegisterHeader
    </h2>
    <p>
      AboutPageContent.customerRegisterParagraph
      <a
        href="https://www.tampere.fi/tampereen-kaupunki/yhteystiedot-ja-asiointi/verkkoasiointi/tietosuoja.html"
      >
        AboutPageContent.customerRegisterLink
      </a>
    </p>
    <br />
  </div>
</PageWrapper>
`;
